[    0.000000] Initializing cgroup subsys cpuset
[    0.000000] Initializing cgroup subsys cpu
[    0.000000] Initializing cgroup subsys cpuacct
[    0.000000] Linux version 4.4.0-128-generic (buildd@lcy01-amd64-019) (gcc version 5.4.0 20160609 (Ubuntu 5.4.0-6ubuntu1~16.04.9) ) #154-Ubuntu SMP Fri May 25 14:15:18 UTC 2018 (Ubuntu 4.4.0-128.154-generic 4.4.131)
[    0.000000] Command line: BOOT_IMAGE=/boot/vmlinuz-4.4.0-128-generic root=LABEL=cloudimg-rootfs ro console=tty1 console=ttyS0
[    0.000000] KERNEL supported cpus:
[    0.000000]   Intel GenuineIntel
[    0.000000]   AMD AuthenticAMD
[    0.000000]   Centaur CentaurHauls
[    0.000000] x86/fpu: xstate_offset[2]:  576, xstate_sizes[2]:  256
[    0.000000] x86/fpu: Supporting XSAVE feature 0x01: 'x87 floating point registers'
[    0.000000] x86/fpu: Supporting XSAVE feature 0x02: 'SSE registers'
[    0.000000] x86/fpu: Supporting XSAVE feature 0x04: 'AVX registers'
[    0.000000] x86/fpu: Enabled xstate features 0x7, context size is 832 bytes, using 'standard' format.
[    0.000000] x86/fpu: Using 'lazy' FPU context switches.
[    0.000000] e820: BIOS-provided physical RAM map:
[    0.000000] BIOS-e820: [mem 0x0000000000000000-0x000000000009fbff] usable
[    0.000000] BIOS-e820: [mem 0x000000000009fc00-0x000000000009ffff] reserved
[    0.000000] BIOS-e820: [mem 0x00000000000f0000-0x00000000000fffff] reserved
[    0.000000] BIOS-e820: [mem 0x0000000000100000-0x000000003ffeffff] usable
[    0.000000] BIOS-e820: [mem 0x000000003fff0000-0x000000003fffffff] ACPI data
[    0.000000] BIOS-e820: [mem 0x00000000fec00000-0x00000000fec00fff] reserved
[    0.000000] BIOS-e820: [mem 0x00000000fee00000-0x00000000fee00fff] reserved
[    0.000000] BIOS-e820: [mem 0x00000000fffc0000-0x00000000ffffffff] reserved
[    0.000000] NX (Execute Disable) protection: active
[    0.000000] SMBIOS 2.5 present.
[    0.000000] Hypervisor detected: KVM
[    0.000000] Kernel/User page tables isolation: disabled
[    0.000000] e820: last_pfn = 0x3fff0 max_arch_pfn = 0x400000000
[    0.000000] MTRR: Disabled
[    0.000000] x86/PAT: MTRRs disabled, skipping PAT initialization too.
[    0.000000] CPU MTRRs all blank - virtualized system.
[    0.000000] x86/PAT: Configuration [0-7]: WB  WT  UC- UC  WB  WT  UC- UC  
[    0.000000] found SMP MP-table at [mem 0x0009fff0-0x0009ffff] mapped at [ffff88000009fff0]
[    0.000000] Scanning 1 areas for low memory corruption
[    0.000000] RAMDISK: [mem 0x36aa4000-0x37549fff]
[    0.000000] ACPI: Early table checksum verification disabled
[    0.000000] ACPI: RSDP 0x00000000000E0000 000024 (v02 VBOX  )
[    0.000000] ACPI: XSDT 0x000000003FFF0030 00003C (v01 VBOX   VBOXXSDT 00000001 ASL  00000061)
[    0.000000] ACPI: FACP 0x000000003FFF00F0 0000F4 (v04 VBOX   VBOXFACP 00000001 ASL  00000061)
[    0.000000] ACPI: DSDT 0x000000003FFF0470 0021FF (v02 VBOX   VBOXBIOS 00000002 INTL 20100528)
[    0.000000] ACPI: FACS 0x000000003FFF0200 000040
[    0.000000] ACPI: FACS 0x000000003FFF0200 000040
[    0.000000] ACPI: APIC 0x000000003FFF0240 00005C (v02 VBOX   VBOXAPIC 00000001 ASL  00000061)
[    0.000000] ACPI: SSDT 0x000000003FFF02A0 0001CC (v01 VBOX   VBOXCPUT 00000002 INTL 20100528)
[    0.000000] No NUMA configuration found
[    0.000000] Faking a node at [mem 0x0000000000000000-0x000000003ffeffff]
[    0.000000] NODE_DATA(0) allocated [mem 0x3ffeb000-0x3ffeffff]
[    0.000000] kvm-clock: Using msrs 4b564d01 and 4b564d00
[    0.000000] kvm-clock: cpu 0, msr 0:3ffe3001, primary cpu clock
[    0.000000] kvm-clock: using sched offset of 4603484649 cycles
[    0.000000] clocksource: kvm-clock: mask: 0xffffffffffffffff max_cycles: 0x1cd42e4dffb, max_idle_ns: 881590591483 ns
[    0.000000] Zone ranges:
[    0.000000]   DMA      [mem 0x0000000000001000-0x0000000000ffffff]
[    0.000000]   DMA32    [mem 0x0000000001000000-0x000000003ffeffff]
[    0.000000]   Normal   empty
[    0.000000]   Device   empty
[    0.000000] Movable zone start for each node
[    0.000000] Early memory node ranges
[    0.000000]   node   0: [mem 0x0000000000001000-0x000000000009efff]
[    0.000000]   ode   0: [mem 0x0000000000100000-0x000000003ffeffff]
[    0.000000] Initmem setup node 0 [mem 0x0000000000001000-0x000000003ffeffff]
[    0.000000] ACPI: PM-Timer IO Port: 0x4008
[    0.000000] IOAPIC[0]: apic_id 2, version 32, address 0xfec00000, GSI 0-23
[    0.000000] ACPI: INT_SRC_OVR (bus 0 bus_irq 0 global_irq 2 dfl dfl)
[    0.000000] ACPI: INT_SRC_OVR (bus 0 bus_irq 9 global_irq 9 low level)
[    0.000000] Using ACPI (MADT) for SMP configuration information
[    0.000000] smpboot: Allowing 2 CPUs, 0 hotplug CPUs
[    0.000000] PM: Registered nosave memory: [mem 0x00000000-0x00000fff]
[    0.000000] PM: Registered nosave memory: [mem 0x0009f000-0x0009ffff]
[    0.000000] PM: Registered noosave memory: [mem 0x000a0000-0x000effff]
[    0.000000] PM: Registered nosave memory: [mem 0x000f0000-0x000fffff]
[    0.000000] e820: [mem 0x40000000-0xfebfffff] available for PCI devices
[    0.000000] Booting paravirtualized kernel on KVM
[    0.000000] clocksource: refined-jiffies: mask: 0xffffffff max_cycles: 0xffffffff, max_idle_ns: 7645519600211568 ns
[    0.000000] setup_percpu: NR_CPUS:512 nr_cpumask_bits:512 nr_cpu_ids:2 nr_node_ids:1
[    0.000000] PERCPU: Embedded 34 pages/cpu @ffff88003fc00000 s99544 r8192 d31528 u1048576
[    0.000000] PV qspinlock hash table entries: 256 (order: 0, 4096 bytes)
[    0.000000] Built 1 zonelists in Node order, mobility grouping on.  Total pages: 257912
[    0.000000] Policy zone: DMA32
[    0.000000] Kernel command line: BOOT_IMAGE=/boot/vmlinuz-4.4.0-128-generic root=LABEL=cloudimg-rootfs ro console=tty1 console=ttyS0
[    0.000000] PID hash table entries: 4096 (order: 3, 32768 bytes)
[    0.000000] Memory: 1001616K/1048120K available (8541K kernel code, 1313K rwdata, 4000K rodata, 1512K init, 1316K bss, 46504K reserved, 0K cma-reserved)
[    0.000000] SLUB: HWalign=64, Order=0-3, MinObjects=0, CPUs=2, Nodes=1
[    0.000000] Hierarchical RCU implementation.
[    0.000000] 	Build-time adjustment of leaf fanout to 64.
[    0.000000] 	RCU restricting CPUs rom NR_CPUS=512 to nr_cpu_ids=2.
[    0.000000] RCU: Adjusting geometry for rcu_fanout_leaf=64, nr_cpu_ids=2
[    0.000000] NR_IRQS:33024 nr_irqs:440 16
[    0.000000] Console: colour VGA+ 80x25
[    0.000000] console [tty1] enabled
[    0.000000] console [ttyS0] enabled
[    0.000000] tsc: Detected 2195.876 MHz processor
[    0.000000] tsc: Marking TSC unstable due to TSCs unsynchronized
[    0.004000] Calibrating delay loop (skipped) preset value.. 4391.75 BogoMIPS (lpj=8783504)
[    0.004000] pid_max: default: 32768 minimum: 301
[   0.004000] ACPI: Core revision 20150930
[    0.004000] ACPI: 2 ACPI AML tables successfully acquired and loaded
[    0.004000] Security Framework initialized
[    0.004023] Yama: becoming mindful.
[    0.008079] AppArmor: AppArmor initialized
[    0.012214] Dentry cache hash table entries: 131072 (order: 8, 1048576 bytes)
[    0.016479] Inode-cache hash table entries: 65536 (order: 7, 524288 bytes)
[    0.028133] Mount-cache hash table entries: 2048 (order: 2, 16384 bytes)
[    0.031275] Mountpoint-cache hash table entries: 2048 (order: 2, 16384 bytes)
[    0.036147] Initializing cgroup subsys io
[    0.038291] Initializing cgroup subsys memory
[    0.040030] Initializing cgroup subsys devices
[    0.044019] Initializing cgroup subsys freezer
[    0.048039] Initializing cgroup subsys net_cls
[    0.052017] Initializing cgroup subsys perf_event
[    0.056039] Initializing cgroup subsys net_prio
[    0.060032] Initializing cgroup subsys hugetlb
[    0.064016] Initializing cgroup subsys pids
[    0.066341] Disabling Indirect Branch Predictor Support
[    0.068018] CPU: Physical Processor ID: 0
[    0.072011] CPU: Processor Core ID: 0
[    0.101466] mce: CPU supports 0 MCE banks
[    0.104046] Last level iTLB entries: 4KB 512, 2MB 8, 4MB 4
[    0.108009] Last level dTLB entries: 4KB 512, 2MB 256, 4MB 128, 1GB 0
[    0.112011] Spectre V2 : LFENCE not serializing. Switching to generic retpoline
[    0.116009] Spectre V2 : Mitigation: Full generic retpoline
[    0.120009] Spectre V2 : Speculation control IBPB not-supported IBRS not-supported
[    0.124008] Spectre V2 : Filling RSB on context switch
[    0.128011] Speculative Store Bypass: Mitigation: Speculative Store Bypass disabled via prctl and seccomp
[    0.137642] Freeing SMP alternatives memory: 32K
[    0.162048] ftrace: allocating 32236 entries in 126 pages
[    0.196190] smpboot: APIC(0) Converting physical 0 to logical package 0
[    0.200027] smpboot: Max logical packages: 1
[    0.204699] x2apic enabled
[    0.208014] Switched APIC routing to physical x2apic.
[    0.217109] ..TIMER: vector=0x30 apic1=0 pin1=2 apic2=-1 pin2=-1
[    0.224000] smpboot: CPU0: AMD A8-7410 APU with AMD Radeon R5 Graphics (family: 0x16, model: 0x30, stepping: 0x1)
[    0.225171] Performance Events: Broken PMU hardware detected, using software events only.
[    0.228005] Failed to access perfctr msr (MSR c0010007 is 0)
[    0.230518] KVM setup paravirtual spinlock
[    0.236476] x86: Booting SMP configuration:
[    0.240006] .... node  #0, CPUs:      #1
[    0.004000] kvm-clock: cpu 1, msr 0:3ffe3041, secondary cpu clock
[    0.004000] mce: CPU supports 0 MCE banks
[    0.273995] x86: Booted up 1 node, 2 CPUs
[    0.276000] smpboot: Total of 2 processors activated (8783.50 BogoMIPS)
[    0.280103] devtmpfs: initialized
[    0.286279] evm: security.selinux
[    0.288000] evm: security.SMACK64
[    0.288005] evm: security.SMACK64EXEC
[    0.289846] evm: security.SMACK64TRANSMUTE
[    0.296005] evm: security.SMACK64MMAP
[    0.296005] evm: security.ima
[    0.298689] evm: security.capability
[    0.304072] clocksource: jiffies: mask: 0xffffffff max_cycles: 0xffffffff, max_idle_ns: 7645041785100000 ns
[    0.308042] futex hash table entries: 512 (order: 3, 32768 bytes)
[    0.312148] pinctrl core: initialized pinctrl subsystem
[    0.314727] RTC time:  9:45:51, date: 07/10/18
[    0.320377] NET: Registered protocol family 16
[    0.332034] cpuidle: using governor ladder
[    0.348035] cpuidle: using governor menu
[    0.350494] PCCT header not found.
[    0.352775] ACPI: bus type PCI registered
[    0.356013] acpiphp: ACPI Hot Plug PCI Controller Driver version: 0.5
[    0.360413] PCI: Using configuration type 1 for base access
[    0.364010] PCI: Using configuration type 1 for extended access
[    0.392644] ACPI: Added _OSI(Module Device)
[    0.396030] ACPI: Added _OSI(Processor Device)
[    0.400019] ACPI: Added _OSI(3.0 _SCP Extensions)
[    0.408018] ACPI: Added _OSI(Processor Aggregator Device)
[    0.416183] ACPI: Executed 1 blocks of module-level executable AML code
[    0.434001] ACPI: Interpreter enabled
[    0.436050] ACPI: (supports S0 S5)
[    0.444014] ACPI: Using IOAPIC for interrupt routing
[    0.445080] PCI: Using host bridge windows from ACPI; if necessary, use "pci=nocrs" and report a bug
[    0.464139] ACPI: PCI Root Bridge [PCI0] (domain 0000 [bus 00-ff])
[    0.472044] acpi PNP0A03:00: _OSC: OS supports [ExtendedConfig ASPM ClockPM Segments MSI]
[    0.480158] acpi PNP0A03:00: _OSC: OS now controls [PCIeHotplug PME AER PCIeCapability]
[    0.492987] PCI host bridge to bus 0000:00
[    0.496013] pci_bus 0000:00: root bus resource [io  0x0000-0x0cf7 window]
[    0.500014] pci_bus 0000:00: root bus resource [io  0x0d00-0xffff window]
[    0.508012] pci_bus 0000:00: root bus resource [mem 0x000a0000-0x000bffff window]
[    0.524026] pci_bus 0000:00: root bus resource [mem 0x40000000-0xfdffffff window]
[    0.528011] pci_bus 0000:00: root bus resource [bus 00-ff]
[    0.538470] pci 0000:00:01.1: legacy IDE quirk: reg 0x10: [io  0x01f0-0x01f7]
[    0.544006] pci 0000:00:01.1: legacy IDE quirk: reg 0x14: [io  0x03f6]
[    0.548009] pci 0000:00:01.1: legacy IDE quirk: reg 0x18: [io  0x0170-0x0177]
[    0.560014] pci 0000:00:01.1: legacy IDE quirk: reg 0x1c: [io  0x0376]
[    0.634048] pci 0000:00:07.0: quirk: [io  0x4000-0x403f] claimed by PIIX4 ACPI
[    0.640009] pci 0000:00:07.0: quirk: [io  0x4100-0x410f] claimed by PIIX4 SMB
[    0.665597] ACPI: PCI Interrupt Link [LNKA] (IRQs 5 9 10 *11)
[    0.672265] ACPI: PCI Interrupt Link [LNKB] (IRQs 5 9 *10 11)
[    0.679428] ACPI: PCI Interrupt Link [LNKC] (IRQs 5 *9 10 11)
[    0.685579] ACPI: PCI Interrupt Link [LNKD] (IRQs 5 9 10 *11)
[    0.692319] ACPI: Enabled 2 GPEs in block 00 to 07
[    0.696375] vgaarb: setting as boot device: PCI:0000:00:02.0
[    0.699097] vgaarb: device added: PCI:0000:00:02.0,decodes=io+mem,owns=io+mem,locks=none
[    0.704016] vgaarb: loaded
[    0.704016] vgaarb: bridge control possible 0000:00:02.0
[    0.709268] SCSI subsystem initialized
[    0.716162] ACPI: bus type USB registered
[    0.716341] usbcore: registered new interface driver usbfs
[    0.720087] usbcore: registered new interface driver hub
[    0.724075] usbcore: registered new device driver usb
[    0.732312] PCI: Using ACPI for IRQ routing
[    0.732628] NetLabel: Initializing
[    0.736005] NetLabel:  domain hash size = 128
[    0.737952] NetLabel:  protocols = UNLABELED CIPSOv4
[    0.744035] NetLabel:  unlabeled traffic allowed by default
[    0.748129] amd_nb: Cannot enumerate AMD northbridges
[    0.752057] clocksource: Switched to clocksource kvm-clock
[    0.775431] AppArmor: AppArmor Filesystem Enabled
[    0.777784] pnp: PnP ACPI init
[    0.781361] pnp: PnP ACPI: found 3 devices
[    0.799178] clocksource: acpi_pm: mask: 0xffffff max_cycles: 0xffffff, max_idle_ns: 2085701024 ns
[    0.804058] NET: Registered protocol family 2
[    0.806849] TCP established hash table entries: 8192 (order: 4, 65536 bytes)
[    0.810293] TCP bind hash table entries: 8192 (order: 5, 131072 bytes)
[    0.814587] TCP: Hash tables configured (established 8192 bind 8192)
[    0.818393] UDP hash table entries: 512 (order: 2, 16384 bytes)
[    0.821915] UDP-Lite hash table entries: 512 (order: 2, 16384 bytes)
[    0.825453] NET: Registered protocol family 1
[    0.828282] pci 0000:00:00.0: Limiting direct PCI/PCI transfers
[    0.831685] pci 0000:00:01.0: Activating ISA DMA hang workarounds
[    0.840011] Unpacking initramfs...
[    4.052049] Freeing initrd memory: 10904K
[    4.056752] clocksource: tsc: mask: 0xffffffffffffffff max_cycles: 0x1fa6fb1bac0, max_idle_ns: 440795224318 ns
[    4.068853] platform rtc_cmos: registered platform RTC device (no PNP device found)
[    4.075392] Scanning for low memory corruption every 60 seconds
[    4.079349] audit: initializing netlink subsys (disabled)
[    4.082205] audit: type=2000 audit(1531215960.579:1): initialized
[    4.087949] Initialise system trusted keyring
[    4.090788] HugeTLB registered 2 MB page size, pre-allocated 0 pages
[    4.097112] zbud: loaded
[    4.099510] VFS: Disk quotas dquot_6.6.0
[    4.101787] VFS: Dquot-cache hash table entries: 512 (order 0, 4096 bytes)
[    4.130574] squashfs: version 4.0 (2009/01/31) Phillip Lougher
[    4.134528] fuse init (API version 7.23)
[    4.136998] Key type big_key registered
[    4.154431] Allocating IMA MOK and blacklist keyrings.
[    4.160933] Key type asymmetric registered
[    4.162787] Asymmetric key parser 'x509' registered
[    4.165114] Block layer SCSI generic (bsg) driver version 0.4 loaded (major 249)
[    4.168815] io scheduler noop registered
[    4.172421] io scheduler deadline registered (default)
[    4.175138] io scheduler cfq registered
[    4.179543] pci_hotplug: PCI Hot Plug PCI Core version: 0.5
[    4.183846] pciehp: PCI Express Hot Plug Controller Driver version: 0.4
[    4.187358] ACPI: AC Adapter [AC] (off-line)
[    4.189730] input: Power Button as /devices/LNXSYSTM:00/LNXPWRBN:00/input/input0
[    4.193365] ACPI: Power Button [PWRF]
[    4.197158] input: Sleep Button as /devices/LNXSYSTM:00/LNXSLPBN:00/input/input1
[    4.202717] ACPI: Sleep Button [SLPF]
[    4.205243] GHES: HEST is not enabled!
[    4.206811] ACPI: Battery Slot [BAT0] (battery present)
[    4.210198] Serial: 8250/16550 driver, 32 ports, IRQ sharing enabled
[    4.239165] 00:02: ttyS0 at I/O 0x3f8 (irq = 4, base_baud = 115200) is a 16550A
[    4.259916] Linux agpgart interface v0.103
[    4.268899] loop: module loaded
[    4.274862] scsi host0: ata_piix
[    4.276993] scsi host1: ata_piix
[    4.278683] ata1: PATA max UDMA/33 cmd 0x1f0 ctl 0x3f6 bmdma 0xd000 irq 14
[    4.280955] ata2: PATA max UDMA/33 cmd 0x170 ctl 0x376 bmdma 0xd008 irq 15
[    4.284505] libphy: Fixed MDIO Bus: probed
[    4.286480] tun: Universal TUN/TAP device driver, 1.6
[    4.288240] tun: (C) 1999-2004 Max Krasnyansky <maxk@qualcomm.com>
[    4.295462] PPP generic driver version 2.4.2
[    4.297934] ehci_hcd: USB 2.0 'Enhanced' Host Controller (EHCI) Driver
[    4.302424] ehci-pci: EHCI PCI platform driver
[    4.304576] ehci-platform: EHCI generic platform driver
[    4.308525] ohci_hcd: USB 1.1 'Open' Host Controller (OHCI) Driver
[    4.312896] ohci-pci: OHCI PCI platform driver
[    4.314987] ohci-platform: OHCI generic platform driver
[    4.318584] uhci_hcd: USB Universal Host Controller Interface driver
[    4.321658] i8042: PNP: PS/2 Controller [PNP0303:PS2K,PNP0f03:PS2M] at 0x60,0x64 irq 1,12
[    4.326927] serio: i8042 KBD port at 0x60,0x64 irq 1
[    4.331591] serio: i8042 AUX port at 0x60,0x64 irq 12
[    4.334745] mousedev: PS/2 mouse device common for all mice
[    4.338668] input: AT Translated Set 2 keyboard as /devices/platform/i8042/serio0/input/input2
[    4.344111] rtc_cmos rtc_cmos: rtc core: registered rtc_cmos as rtc0
[    4.347539] rtc_cmos rtc_cmos: alarms up to one day, 114 bytes nvram
[    4.350711] i2c /dev entries driver
[    4.352876] device-mapper: uevent: version 1.0.3
[    4.355852] device-mapper: ioctl: 4.34.0-ioctl (2015-10-28) initialised: dm-devel@redhat.com
[    4.360874] ledtrig-cpu: registered to indicate activity on CPUs
[    4.365743] NET: Registered protocol family 10
[    4.369114] NET: Registered protocol family 17
[    4.372020] Key type dns_resolver registered
[    4.376103] registered taskstats version 1
[    4.384186] Loading compiled-in X.509 certificates
[    4.400242] Loaded X.509 cert 'Build time autogenerated kernel key: fc7b57a7df019f2655f66a8a374d74ee8f4999fc'
[    4.405603] zswap: loaded using pool lzo/zbud
[    4.413466] Key type trusted registered
[    4.425713] Key type encrypted registered
[    4.431874] AppArmor: AppArmor sha1 policy hashing enabled
[    4.434856] ima: No TPM chip found, activating TPM-bypass!
[    4.440900] evm: HMAC attrs: 0x1
[    4.443555]   Magic number: 10:944:777
[    4.445988] misc rfkill: hash matches
[    4.448348] rtc_cmos rtc_cmos: setting system clock to 2018-07-10 09:45:55 UTC (1531215955)
[    4.452799] BIOS EDD facility v0.16 2004-Jun-25, 0 devices found
[    4.455787] EDD information not available.
[    4.462324] Freeing unused kernel memory: 1512K
[    4.476586] Write protecting the kernel read-only data: 14336k
[    4.480430] Freeing unused kernel memory: 1688K
[    4.483067] Freeing unused kernel memory: 96K
Loading, please wait...
starting version 229
[    4.528156] random: systemd-udevd: uninitialized urandom read (16 bytes read, 3 bits of entropy available)
[    4.530094] random: udevadm: uninitialized urandom read (16 bytes read, 3 bits of entropy available)
[    4.530185] random: udevadm: uninitialized urandom read (16 bytes read, 3 bits of entropy available)
[    4.544507] random: systemd-udevd: uninitialized urandom read (16 bytes read, 3 bits of entropy available)
[    4.550101] random: systemd-udevd: uninitialized urandom read (16 bytes read, 3 bits of entropy available)
[    4.555672] random: systemd-udevd: uninitialized urandom read (16 bytes read, 3 bits of entropy available)
[    4.562665] random: udevadm: uninitialized urandom read (16 bytes read, 3 bits of entropy available)
[    4.562996] random: systemd-udevd: uninitialized urandom read (16 bytes read, 3 bits of entropy available)
[    4.563043] random: systemd-udevd: uninitialized urandom read (16 bytes read, 3 bits of entropy available)
[    4.563071] random: systemd-udevd: uninitialized urandom read (16 bytes read, 3 bits of entropy available)
[    4.707809] e1000: Intel(R) PRO/1000 Network Driver - version 7.3.21-k8-NAPI
[    4.711821] e1000: Copyright (c) 1999-2006 Intel Corporation.
[    4.714517] Fusion MPT base driver 3.04.20
[    4.716417] Copyright (c) 1999-2008 LSI Corporation
[    4.729548] Fusion MPT SPI Host driver 3.04.20
[    4.795280] AVX version of gcm_enc/dec engaged.
[    4.799984] AES CTR mode by8 optimization enabled
[    4.936383] input: ImExPS/2 Generic Explorer Mouse as /devices/platform/i8042/serio1/input/input4
[    5.251636] e1000 0000:00:03.0 eth0: (PCI:33MHz:32-bit) 02:40:c1:fa:9b:f5
[    5.262384] e1000 0000:00:03.0 eth0: Intel(R) PRO/1000 Network Connection
[    5.266777] mptbase: ioc0: Initiating bringup
[    5.268903] e1000 0000:00:03.0 enp0s3: renamed from eth0
[    5.351908] ioc0: LSI53C1030 A0: Capabilities={Initiator}
[    6.835243] scsi host2: ioc0: LSI53C1030 A0, FwRev=00000000h, Ports=1, MaxQ=256, IRQ=20
[    7.258118] scsi 2:0:0:0: Direct-Access     VBOX     HARDDISK         1.0  PQ: 0 ANSI: 5
[    7.275641] scsi target2:0:0: Beginning Domain Validation
[    7.286038] scsi target2:0:0: Domain Validation skipping write tests
[    7.341060] scsi target2:0:0: Ending Domain Validation
[    7.344298] scsi target2:0:0: asynchronous
[    7.347925] scsi 2:0:1:0: Direct-Access     VBOX     HARDDISK         1.0  PQ: 0 ANSI: 5
[    7.352620] scsi target2:0:1: Beginning Domain Validation
[    7.357978] scsi target2:0:1: Domain Validation skipping write tests
[    7.639275] scsi target2:0:1: Ending Domain Validation
[    7.645935] scsi target2:0:1: asynchronous
[    7.665563] sd 2:0:0:0: Attached scsi generic sg0 type 0
[    7.674325] sd 2:0:0:0: [sda] 20971520 512-byte logical blocks: (10.7 GB/10.0 GiB)
[    7.678180] sd 2:0:1:0: Attached scsi generic sg1 type 0
[    7.682196] sd 2:0:1:0: [sdb] 20480 512-byte logical blocks: (10.5 MB/10.0 MiB)
[    7.684363] sd 2:0:0:0: [sda] Write Protect is off
[    7.684836] sd 2:0:0:0: [sda] Incomplete mode parameter data
[    7.684839] sd 2:0:0:0: [sda] Assuming drive cache: write through
[    7.695551] sd 2:0:1:0: [sdb] Write Protect is off
[    7.698143] sd 2:0:1:0: [sdb] Incomplete mode parameter data
[    7.700618] sd 2:0:1:0: [sdb] Assuming drive cache: write through
[    7.760902]  sda: sda1
[    7.808820] sd 2:0:0:0: [sda] Attached SCSI disk
[    7.816733] sd 2:0:1:0: [sdb] Attached SCSI disk
Begin: Loading essential drivers ... [    9.818107] md: linear personality registered for level -1
[    9.827561] md: multipath personality registered for level -4
[    9.846109] md: raid0 personality registered for level 0
[    9.857899] md: raid1 personality registered for level 1
[    9.937713] raid6: sse2x1   gen()   672 MB/s
[   10.005057] raid6: sse2x1   xor()  2335 MB/s
[   10.072454] raid6: sse2x2   gen()  1203 MB/s
[   10.144711] raid6: sse2x2   xor()  2846 MB/s
[   10.216964] raid6: sse2x4   gen()   964 MB/s
[   10.285298] raid6: sse2x4   xor()  2978 MB/s
[   10.287415] raid6: using algorithm sse2x2 gen() 1203 MB/s
[   10.289854] raid6: .... xor() 2846 MB/s, rmw enabled
[   10.295232] raid6: using ssse3x2 recovery algorithm
[   10.300247] xor: automatically using best checksumming function:
[   10.356616]    avx       :  5800.000 MB/sec
[   10.361818] async_tx: api initialized (async)
[   10.385775] md: raid6 personality registered for level 6
[   10.389094] md: raid5 personality registered for level 5
[   10.392195] md: raid4 personality registered for level 4
[   10.412691] md: raid10 personality registered for level 10
done.
Begin: Running /scripts/init-premount ... done.
Begin: Mounting root file system ... Begin: Running /scripts/local-top ... done.
Begin: Running /scripts/local-premount ... [   10.489671] Btrfs loaded
Scanning for Btrfs filesystems
done.
Warning: fsck not present, so skipping root file system
[   10.636518] EXT4-fs (sda1): mounted filesystem with ordered data mode. Opts: (null)
done.
Begin: Running /scripts/local-bottom ... done.
Begin: Running /scripts/init-bottom ... done.
[   11.511874] systemd[1]: systemd 229 running in system mode. (+PAM +AUDIT +SELINUX +IMA +APPARMOR +SMACK +SYSVINIT +UTMP +LIBCRYPTSETUP +GCRYPT +GNUTLS +ACL +XZ -LZ4 +SECCOMP +BLKID +ELFUTILS +KMOD -IDN)
[   11.529510] systemd[1]: Detected virtualization oracle.
[   11.535193] systemd[1]: Detected architecture x86-64.

Welcome to [1mUbuntu 16.04.4 LTS[0m!

[   11.661574] systemd[1]: Set hostname to <ubuntu-xenial>.
[   11.916416] random: nonblocking pool is initialized
[  12.986577] systemd[1]: Listening on LVM2 poll daemon socket.
[[0;32m  OK  [0m] Listening on LVM2 poll daemon socket.
[  12.987992] systemd[1]: Listening on Journal Socket (/dev/log).
[[0;32m  OK  [0m] Listening on Journal Socket (/dev/log).
[  12.987992] systemd[1]: Listening on /dev/initctl Compatibility Named Pipe.
[[0;32m  OK  [0m] Listening on /dev/initctl Compatibility Named Pipe.
[  12.987992] systemd[1]: Listening on udev Control Socket.
[[0;32m  OK  [0m] Listening on udev Control Socket.
[  12.987992] systemd[1]: Listening on Syslog Socket.
[[0;32m  OK  [0m] Listening on Syslog Socket.
[   12.987992] systemd[1]: Reached target Swap.
[[0;32m  OK  [0m] Reached target Swap.
[   12.987992] systemd[1]: Reached target User and Group Name Lookups.
[[0;32m  OK  [0m] Reached target User and Group Name Lookups.
[   12.987992] systemd[1]: Listening on Device-mapper event daemon FIFOs.
[[0;32m  OK  [0m] Listening on Device-mapper event daemon FIFOs.
[   12.987992] systemd[1]: Listening on Journal Socket.
[[0;32m  OK  [0m] Listening on Journal Socket.
[   13.582632] systemd[1]: Listening on Journal Audit Socket.
[[0;32m  OK  [0m] Listening on Journal Audit Socket.
[   13.609782] systemd[1]: Reached target System Time Synchronized.
[[0;32m  OK  [0m] Reached target System Time Synchronized.
[   13.645504] systemd[1]: Reached target Encrypted Volumes.
[[0;32m  OK  [0m] Reached target Encrypted Volumes.
[   13.658413] systemd[1]: Started Forward Password Requests to Wall Directory Watch.
[[0;32m  OK  [0m] Started Forward Password Requests to Wall Directory Watch.
[   13.675326] systemd[1]: Set up automount Arbitrary Executable File Formats File System Automount Point.
[[0;32m  OK  [0m] Set up automount Arbitrary Executab...ats File System Automount Point.
[   13.695124] systemd[1]: Created slice User and Session Slice.
[[0;32m  OK  [0m] Created slice User and Session Slice.
[   13.703775] systemd[1]: Listening on LVM2 metadata daemon socket.
[[0;32m  OK  [0m] Listening on LVM2 metadata daemon socket.
[   13.712037] systemd[1]: Started Trigger resolvconf update for networkd DNS.
[[0;32m  OK  [0m] Started Trigger resolvconf update for networkd DNS.
[   13.723291] systemd[1]: Created slice System Slice.
[[0;32m  OK  [0m] Created slice System Slice.
[   13.748642] systemd[1]: Starting Create list of required static device nodes for the current kernel...
         Starting Create list of required st... nodes for the current kernel...
[   13.764008] systemd[1]: Starting Set console keymap...
         Starting Set console keymap...
[   13.890919] systemd[1]: Starting Load Kernel Modules...
         Starting Load Kernel Modules...
[   13.907204] systemd[1]: Mounting Huge Pages File System...
         Mounting Huge Pages File System...
[   13.928042] systemd[1]: Starting Remount Root and Kernel File Systems...
         Starting Remount Root and Kernel File Systems...
[   13.966354] systemd[1]: Starting Nameserver information manager...
         Starting Nameserver information manager...
[   13.982440] systemd[1]: Starting Uncomplicated firewall...
         Starting Uncomplicated firewall...
[   13.988493] systemd[1]: Created slice system-serial\x2dgetty.slice.
[[0;32m  OK  [0m] Created slic[   14.008765] EXT4-fs (sda1): re-mounted. Opts: (null)
e system-serial\x2dgetty.slice.
[   14.018295] systemd[1]: Reached target Slices.
[[0;32m  OK  [0m] Reached target Slices.
[   14.046438] Loading iSCSI transport class v2.0-870.
[   14.089332] systemd[1]: Starting Monitoring of LVM2 mirrors, snapshots etc. using dmeventd or progress polling...
         Starting Monitoring of LVM2 mirrors... dmeventd or progress polling...
[   14.110112] systemd[1]: Listening on udev Kernel Socket.
[[0;32m  OK  [0m] Listening on udev Kernel Socket.
[   14.121389] systemd[1]: Mounting Debug File System...
         Mounting Debug File System...
[   14.133233] systemd[1]: Mounting POSIX Message Queue File System...
         Mounting POSIX Message Queue File System...
[   14.142995] systemd[1]: Starting Journal Service...
         Starting Journal Service...
[   14.150173] iscsi: registered transport (tcp)
[   14.156528] systemd[1]: Mounted Debug File System.
[[0;32m  OK  [0m] Mounted Debug File System.
[   14.166567] systemd[1]: Mounted POSIX Message Queue File System.
[[0;32m  OK  [0m] Mounted POSIX Message Queue File System.
[   14.175411] systemd[1]: Mounted Huge Pages File System.
[[0;32m  OK  [0m] Mounted Huge Pages File System.
[   14.182930] systemd[1]: Started Create list of required static device nodes for the current kernel.
[[0;32m  OK  [0m] Started Create list of required sta...ce nodes for the current kernel.
[   14.209356] systemd[1]: Started Remount Root and Kernel File Systems.
[[0;32m  OK  [0m] Started Remount Root and Kernel File Systems.
[   14.238821] systemd[1]: Started Uncomplicated firewall.
[[0;32m  OK  [0m] Started Uncomplicated firewall.
[   14.291349] systemd[1]: Started Set console keymap.
[[0;32m  OK  [0m] Started Set console keymap.
[   14.336516] systemd[1]: Started Nameserver information manager.
[[0;32m  OK  [0m] Started Nameserver information manager.
[   14.473287] systemd[1]: Starting udev Coldplug all Devices...
         Starting udev Coldplug all Devices...
[   14.487218] systemd[1]: Starting Load/Save Random Seed...
         Starting Load/Save Random Seed...
[   14.493936] systemd[1]: Starting Create Static Device Nodes in /dev...
         Starting Create Static Device Nodes in /dev...
[   14.565903] iscsi: registered transport (iser)
[   14.574898] systemd[1]: Started Load Kernel Modules.
[[0;32m  OK  [0m] Started Load Kernel Modules.
[   14.605282] systemd[1]: Mounting FUSE Control File System...
         Mounting FUSE Control File System...
[   14.616161] systemd[1]: Starting Apply Kernel Variables...
         Starting Apply Kernel Variables...
[   14.635662] systemd[1]: Mounted FUSE Control File System.
[[0;32m  OK  [0m] Mounted FUSE Control File System.
[   14.697835] systemd[1]: Started Journal Service.
[[0;32m  OK  [0m] Started Journal Service.
         Starting Flush Journal to Persistent Storage...
[[0;32m  OK  [0m] Started Load/Save Random Seed.
[[0;32m  OK  [0m] Started udev Coldplug all Devices.
[   14.833783] systemd-journald[412]: Received request to flush runtime journal from PID 1
[[0;32m  OK  [0m] Started Flush Journal to Persistent Storage.
[[0;32m  OK  [0m] Started LVM2 metadata daemon.
[[0;32m  OK  [0m] Started Apply Kernel Variables.
[[0;32m  OK  [0m] Started Create Static Device Nodes in /dev.
         Starting udev Kernel Device Manager...
[[0;32m  OK  [0m] Started udev Kernel Device Manager.
[[0;32m  OK  [0m] Started Dispatch Password Requests to Console Directory Watch.
[[0;32m  OK  [0m] Started Monitoring of LVM2 mirrors,...ng dmeventd or progress polling.
[[0;32m  OK  [0m] Reached target Local File Systems (Pre).
[[0;32m  OK  [0m] Reached target Local File Systems.
         Starting Initial cloud-init job (pre-networking)...
         Starting LSB: AppArmor initialization...
         Starting Create Volatile Files and Directories...
         Starting Tell Plymouth To Write Out Runtime Data...
         Starting Set console font and keymap...
[[0;32m  OK  [0m] Started Tell Plymouth To Write Out Runtime Data.
[[0;32m  OK  [0m] Found device /dev/ttyS0.
[[0;32m  OK  [0m] Found device 82540EM Gigabit Ethern...r (PRO/1000 MT Desktop Adapter).
[[0;32m  OK  [0m] Listening on Load/Save RF Kill Switch Status /dev/rfkill Watch.
[[0;32m  OK  [0m] Started Create Volatile Files and Directories.
         Starting Update UTMP about System Boot/Shutdown...
[[0;32m  OK  [0m] Started Update UTMP about System Boot/Shutdown.
[[0;32m  OK  [0m] Started Set console font and keymap.
[[0;32m  OK  [0m] Created slice system-getty.slice.
[[0;32m  OK  [0m] Started LSB: AppArmor initialization.
[   25.293106] cloud-init[492]: Cloud-init v. 18.2 running 'init-local' at Tue, 10 Jul 2018 09:46:14 +0000. Up 23.81 seconds.
[[0;32m  OK  [0m] Started Initial cloud-init job (pre-networking).
[[0;32m  OK  [0m] Reached target Network (Pre).
         Starting Raise network interfaces...
[[0;32m  OK  [0m] Started ifup for enp0s3.
[[0;32m  OK  [0m] Started Raise network interfaces.
[[0;32m  OK  [0m] Reached target Network.
         Starting Initial cloud-init job (metadata service crawler)...
[   29.295679] cloud-init[1006]: Cloud-init v. 18.2 running 'init' at Tue, 10 Jul 2018 09:46:18 +0000. Up 27.10 seconds.
[   29.303170] cloud-init[1006]: ci-info: +++++++++++++++++++++++++++++++++++++Net device info++++++++++++++++++++++++++++++++++++++
[   29.309064] cloud-init[1006]: ci-info: +--------+------+----------------------------+---------------+-------+-------------------+
[   29.315994] cloud-init[1006]: ci-info: | Device |  Up  |          Address           |      Mask     | Scope |     Hw-Address    |
[   29.325515] cloud-init[1006]: ci-info: +--------+------+----------------------------+---------------+-------+-------------------+
[   29.341327] cloud-init[1006]: ci-info: | enp0s3 | True |         10.0.2.15          | 255.255.255.0 |   .   | 02:40:c1:fa:9b:f5 |
[   29.352204] cloud-init[1006]: ci-info: | enp0s3 | True | fe80::40:c1ff:fefa:9bf5/64 |       .       |  link | 02:40:c1:fa:9b:f5 |
[   29.359836] cloud-init[1006]: ci-info: |   lo   | True |         127.0.0.1          |   255.0.0.0   |   .   |         .         |
[   29.365782] cloud-init[1006]: ci-info: |   lo   | True |          ::1/128           |       .       |  host |         .         |
[   29.371508] cloud-init[1006]: ci-info: +--------+------+----------------------------+---------------+-------+-------------------+
[   29.377340] cloud-init[1006]: ci-info: +++++++++++++++++++++++++++Route IPv4 info++++++++++++++++++++++++++++
[   29.382611] cloud-init[1006]: ci-info: +-------+-------------+----------+---------------+-----------+-------+
[   29.388044] cloud-init[1006]: ci-info: | Route | Destination | Gateway  |    Genmask    | Interface | Flags |
[   29.393430] cloud-init[1006]: ci-info: +-------+-------------+----------+---------------+-----------+-------+
[   29.398716] cloud-init[1006]: ci-info: |   0   |   0.0.0.0   | 10.0.2.2 |    0.0.0.0    |   enp0s3  |   UG  |
[   29.405922] cloud-init[1006]: ci-info: |   1   |   10.0.2.0  | 0.0.0.0  | 255.255.255.0 |   enp0s3  |   U   |
[   29.412613] cloud-init[1006]: ci-info: +-------+-------------+----------+---------------+-----------+-------+
[[0;32m  OK  [0m] Started Initial cloud-init job (metadata service crawler).
[[0;32m  OK  [0m] Reached target Cloud-config availability.
[[0;32m  OK  [0m] Reached target System Initialization.
[[0;32m  OK  [0m] Listening on UUID daemon activation socket.
[[0;32m  OK  [0m] Started Daily Cleanup of Temporary Directories.
         Starting Socket activation for snappy daemon.
[[0;32m  OK  [0m] Listening on ACPID Listen Socket.
[[0;32m  OK  [0m] Started ACPI Events Check.
[[0;32m  OK  [0m] Reached target Paths.
[[0;32m  OK  [0m] Started Daily apt download activities.
[[0;32m  OK  [0m] Started Daily apt upgrade and clean activities.
[[0;32m  OK  [0m] Reached target Timers.
[[0;32m  OK  [0m] Listening on D-Bus System Message Bus Socket.
         Starting LXD - unix socket.
[[0;32m  OK  [0m] Reached target Network is Online.
         Starting iSCSI initiator daemon (iscsid)...
[[0;32m  OK  [0m] Listening on Socket activation for snappy daemon.
[[0;32m  OK  [0m] Listening on LXD - unix socket.
[[0;32m  OK  [0m] Reached target Sockets.
[[0;32m  OK  [0m] Reached target Basic System.
         Starting LXD - container startup/shutdown...
         Starting Apply the settings specified in cloud-config...
[[0;32m  OK  [0m] Started FUSE filesystem for LXC.
         Starting Virtualbox guest utils...
         Starting Snappy daemon...
         Starting LSB: MD monitoring daemon...
[[0;32m  OK  [0m] Started Unattended Upgrades Shutdown.
[[0;32m  OK  [0m] Started Regular background program processing daemon.
         Starting Accounts Service...
[[0;32m  OK  [0m] Started D-Bus System Message Bus.
         Starting /etc/rc.local Compatibility...
         Starting System Logging Service...
[[0;32m  OK  [0m] Started ACPI event daemon.
         Starting OpenBSD Secure Shell server...
[[0;32m  OK  [0m] Started Deferred execution scheduler.
         Starting LSB: Record successful boot for GRUB...
         Starting Login Service...
[[0;32m  OK  [0m] Started /etc/rc.local Compatibility.
         Starting Authenticate and Authorize Users to Run Privileged Tasks...
[[0;32m  OK  [0m] Started Login Service.
[[0;32m  OK  [0m] Started iSCSI initiator daemon (iscsid).
         Starting Login to default iSCSI targets...
[[0;32m  OK  [0m] Started System Logging Service.
[[0;32m  OK  [0m] Started LSB: Record successful boot for GRUB.
[[0;32m  OK  [0m] Started LSB: MD monitoring daemon.
[[0;32m  OK  [0m] Started Login to default iSCSI targets.
[[0;32m  OK  [0m] Reached target Remote File Systems (Pre).
[[0;32m  OK  [0m] Reached target Remote File Systems.
         Starting Permit User Sessions...
         Starting LSB: Set the CPU Frequency Scaling governor to "ondemand"...
         Starting LSB: automatic crash report generation...
         Starting LSB: daemon to balance interrupts for SMP systems...
[[0;32m  OK  [0m] Started Permit User Sessions.
[[0;32m  OK  [0m] Started Authenticate and Authorize Users to Run Privileged Tasks.
[[0;32m  OK  [0m] Started Accounts Service.
         Starting Hold until boot process finishes up...
         Starting Terminate Plymouth Boot Screen...
[[0;32m  OK  [0m] Started Hold until boot process finishes up.
[[0;32m  OK  [0m] Started LSB: Set the CPU Frequency Scaling governor to "ondemand".
[[0;32m  OK  [0m] Started Terminate Plymouth Boot Screen.
[[0;32m  OK  [0m] Started Serial Getty on ttyS0.
[[0;32m  OK  [0m] Started Getty on tty1.
[[0;32m  OK  [0m] Reached target Login Prompts.
         Starting Set console scheme...
[[0;32m  OK  [0m] Started Virtualbox guest utils.
[[0;32m  OK  [0m] Started LSB: daemon to balance interrupts for SMP systems.
[   32.983962] cloud-init[1059]: Cloud-init v. 18.2 running 'modules:config' at Tue, 10 Jul 2018 09:46:21 +0000. Up 30.80 seconds.
[[0;32m  OK  [0m] Started Apply the settings specified in cloud-config.
[[0;32m  OK  [0m] Started LSB: automatic crash report generation.
[[0;32m  OK  [0m] Started Set console scheme.
[[0;32m  OK  [0m] Started OpenBSD Secure Shell server.
[[0;32m  OK  [0m] Started LXD - container startup/shutdown.
[[0;32m  OK  [0m] Created slice User Slice of vagrant.
         Starting User Manager for UID 1000...
[[0;32m  OK  [0m] Started Session 1 of user vagrant.
[[0;32m  OK  [0m] Started Snappy daemon.
         Starting Wait until snapd is fully seeded...
[[0;32m  OK  [0m] Started Wait until snapd is fully seeded.
[[0;32m  OK  [0m] Reached target Multi-User System.
[[0;32m  OK  [0m] Reached target Graphical Interface.
         Starting Update UTMP about System Runlevel Changes...
         Starting Execute cloud user/final scripts...
[[0;32m  OK  [0m] Started User Manager for UID 1000.
[[0;32m  OK  [0m] Started Update UTMP about System Runlevel Changes.
[   36.970682] cloud-init[1264]: Cloud-init v. 18.2 running 'modules:final' at Tue, 10 Jul 2018 09:46:27 +0000. Up 36.17 seconds.
[   37.011343] cloud-init[1264]: Cloud-init v. 18.2 finished at Tue, 10 Jul 2018 09:46:27 +0000. Datasource DataSourceNoCloud [seed=/dev/sdb][dsmode=net].  Up 36.94 seconds
[[0;32m  OK  [0m] Started Execute cloud user/final scripts.
[[0;32m  OK  [0m] Reached target Cloud-init target.

Ubuntu 16.04.4 LTS ubuntu-xenial ttyS0

ubuntu-xenial login: 